############ MNIST ############
mnist: 21 jobs over 2 GPU(s); n=16000 epochs=25 seeds=3

model                     params  clean consist  rr_L2  rob_L2   eta/L
----------------------------------------------------------------------
FC_d2                     269322  0.971   0.281  0.938   0.060   0.592
FC_d2_BN                  270346  0.973   0.292  0.962   0.043   0.668
conv_d1_k5_gap              4618  0.569   1.000  0.457   0.047   0.376
conv_d1_k5_gap_BN           4874  0.647   1.000  0.486   0.022   0.557
conv_d2_k3_max            211594  0.987   0.473  1.846   0.477   1.443
conv_d2_k3_avg            211594  0.984   0.475  1.658   0.399   1.537
conv_d2_k3_max_dense      953098  0.986   0.487  1.944   0.570   1.627

P1/P6 across 7 configs (PRIMARY: robust RADIUS rr_L2):
  consist vs rr_L2 : Pearson -0.569  Spearman -0.306
  eta/L   vs rr_L2 : Pearson +0.968  Spearman +0.964
  (secondary, fixed-eps) consist vs rob_L2 -0.309 ; eta/L vs rob_L2 +0.970
  theory P6: eta/L should track the robust radius better than shift-consistency

############ FASHION ############
fashion: 21 jobs over 2 GPU(s); n=16000 epochs=25 seeds=3

model                     params  clean consist  rr_L2  rob_L2   eta/L
----------------------------------------------------------------------
FC_d2                     269322  0.870   0.359  0.684   0.056   0.499
FC_d2_BN                  270346  0.859   0.334  0.471   0.001   0.346
conv_d1_k5_gap              4618  0.641   1.000  0.589   0.086   0.446
conv_d1_k5_gap_BN           4874  0.667   1.000  0.659   0.077   0.714
conv_d2_k3_max            211594  0.896   0.443  0.630   0.029   0.439
conv_d2_k3_avg            211594  0.891   0.445  0.547   0.006   0.468
conv_d2_k3_max_dense      953098  0.890   0.436  0.743   0.077   0.475

P1/P6 across 7 configs (PRIMARY: robust RADIUS rr_L2):
  consist vs rr_L2 : Pearson +0.103  Spearman +0.000
  eta/L   vs rr_L2 : Pearson +0.511  Spearman +0.714
  (secondary, fixed-eps) consist vs rob_L2 +0.669 ; eta/L vs rob_L2 +0.542
  theory P6: eta/L should track the robust radius better than shift-consistency
exit 0
