
======== 1 orbit(s)/class, init=0.1 (rich)  (d=64, m=256, steps=8000) ========
min FFT support: 33/33 (full-rank) ; quad eta_Q mean 4.816
model            train_acc    r2(mean)    eta/L orbit-var
---------------------------------------------------------
unconstrained        1.000  0.197+-0.057    0.247     0.012
tied-invariant       1.000  0.201+-0.059    0.250     0.000
quad-surrogate       1.000  0.290+-0.032    0.305     0.000
VERDICT (1-orbit): r2_unc/max(r2_tied,r2_quad) = 0.68  ->  UNCONSTRAINED IS NON-ROBUST despite a robust solution existing: P2 plausible, prove P1-P3.

======== 4 orbit(s)/class, init=0.1 (rich)  (d=64, m=256, steps=8000) ========
min FFT support: 33/33 (full-rank) ; quad eta_Q mean 1.909
model            train_acc    r2(mean)    eta/L orbit-var
---------------------------------------------------------
unconstrained        1.000  0.140+-0.018    0.153     0.043
tied-invariant       1.000  0.145+-0.019    0.161     0.000
quad-surrogate       1.000  0.164+-0.020    0.159     0.000
VERDICT (4-orbit): r2_unc/max(r2_tied,r2_quad) = 0.85  ->  unconstrained GD already ~robust: P2 likely FALSE here -> weaken conjecture / need multi-orbit cluster geometry.

======== 1 orbit(s)/class, init=1.0 (lazy)  (d=64, m=256, steps=8000) ========
min FFT support: 33/33 (full-rank) ; quad eta_Q mean 4.816
model            train_acc    r2(mean)    eta/L orbit-var
---------------------------------------------------------
unconstrained        1.000  0.185+-0.043    0.215     0.017
tied-invariant       1.000  0.194+-0.048    0.224     0.000
quad-surrogate       1.000  0.290+-0.032    0.305     0.000
VERDICT (1-orbit): r2_unc/max(r2_tied,r2_quad) = 0.64  ->  UNCONSTRAINED IS NON-ROBUST despite a robust solution existing: P2 plausible, prove P1-P3.

======== 4 orbit(s)/class, init=1.0 (lazy)  (d=64, m=256, steps=8000) ========
min FFT support: 33/33 (full-rank) ; quad eta_Q mean 1.909
model            train_acc    r2(mean)    eta/L orbit-var
---------------------------------------------------------
unconstrained        1.000  0.157+-0.022    0.166     0.044
tied-invariant       1.000  0.176+-0.028    0.188     0.000
quad-surrogate       1.000  0.164+-0.020    0.159     0.000
VERDICT (4-orbit): r2_unc/max(r2_tied,r2_quad) = 0.89  ->  unconstrained GD already ~robust: P2 likely FALSE here -> weaken conjecture / need multi-orbit cluster geometry.
